TJT1KOR@BAND-C-000QU MINGW64 /c/python/python_training (main)
$ git push
Everything up-to-date

TJT1KOR@BAND-C-000QU MINGW64 /c/python/python_training (main)
$ git commit
On branch main
Your branch is up to date with 'origin/main'.

Untracked files:
  (use "git add <file>..." to include in what will be committed)
        Day_03/
        sample.py

nothing added to commit but untracked files present (use "git add" to track)

TJT1KOR@BAND-C-000QU MINGW64 /c/python/python_training (main)
$ git add && git commit -m "Day_03"
Nothing specified, nothing added.
hint: Maybe you wanted to say 'git add .'?
hint: Turn this message off by running
hint: "git config advice.addEmptyPathspec false"
On branch main
Your branch is up to date with 'origin/main'.

Untracked files:
  (use "git add <file>..." to include in what will be committed)
        Day_03/
        sample.py

nothing added to commit but untracked files present (use "git add" to track)

TJT1KOR@BAND-C-000QU MINGW64 /c/python/python_training (main)
$ git add && git commit -m "Day_03"
Nothing specified, nothing added.
hint: Maybe you wanted to say 'git add .'?
hint: Turn this message off by running
hint: "git config advice.addEmptyPathspec false"
On branch main
Your branch is up to date with 'origin/main'.

Untracked files:
  (use "git add <file>..." to include in what will be committed)
        Day_03/
        sample.py

nothing added to commit but untracked files present (use "git add" to track)

TJT1KOR@BAND-C-000QU MINGW64 /c/python/python_training (main)
$ git add
Nothing specified, nothing added.
hint: Maybe you wanted to say 'git add .'?      
hint: Turn this message off by running
hint: "git config advice.addEmptyPathspec false"

TJT1KOR@BAND-C-000QU MINGW64 /c/python/python_training (main)
$ git add ?
fatal: pathspec '?' did not match any files

TJT1KOR@BAND-C-000QU MINGW64 /c/python/python_training (main)
$ git add Day_02

TJT1KOR@BAND-C-000QU MINGW64 /c/python/python_training (main)
$ git commit -m "Day_02"
On branch main
Your branch is up to date with 'origin/main'.

Untracked files:
  (use "git add <file>..." to include in what will be committed)
        Day_03/
        sample.py

nothing added to commit but untracked files present (use "git add" to track)

TJT1KOR@BAND-C-000QU MINGW64 /c/python/python_training (main)
$ git commit
On branch main
Your branch is up to date with 'origin/main'.

Untracked files:
  (use "git add <file>..." to include in what will be committed)
        Day_03/
        sample.py

nothing added to commit but untracked files present (use "git add" to track)

TJT1KOR@BAND-C-000QU MINGW64 /c/python/python_training (main)
$ git add
Nothing specified, nothing added.
hint: Maybe you wanted to say 'git add .'?
hint: Turn this message off by running
hint: "git config advice.addEmptyPathspec false"

TJT1KOR@BAND-C-000QU MINGW64 /c/python/python_training (main)
$ git add Day_02

TJT1KOR@BAND-C-000QU MINGW64 /c/python/python_training (main)
$ git add Day_03

TJT1KOR@BAND-C-000QU MINGW64 /c/python/python_training (main)
$ git commit
hint: Waiting for your editor to close the file... unix2dos: converting file C:/python/Python_Training/.git/COMMIT_EDITMSG to DOS format...
dos2unix: converting file C:/python/Python_Training/.git/COMMIT_EDITMSG to Unix format...
Aborting commit due to empty commit message.

TJT1KOR@BAND-C-000QU MINGW64 /c/python/python_training (main)
$ git commit
hint: Waiting for your editor to close the file... unix2dos: converting file C:/python/Python_Training/.git/COMMIT_EDITMSG to DOS format...
dos2unix: converting file C:/python/Python_Training/.git/COMMIT_EDITMSG to Unix format...
Aborting commit due to empty commit message.

TJT1KOR@BAND-C-000QU MINGW64 /c/python/python_training (main)
$ ll
total 1
drwxr-xr-x 1 TJT1KOR 1049089  0 Feb 26 22:52 Day_01/
drwxr-xr-x 1 TJT1KOR 1049089  0 Feb 28 09:11 Day_02/
drwxr-xr-x 1 TJT1KOR 1049089  0 Feb 28 09:20 Day_03/
-rw-r--r-- 1 TJT1KOR 1049089 49 Feb 26 22:45 README.md
-rw-r--r-- 1 TJT1KOR 1049089  0 Feb 26 22:51 sample.py

TJT1KOR@BAND-C-000QU MINGW64 /c/python/python_training (main)
$ cd Day_03

TJT1KOR@BAND-C-000QU MINGW64 /c/python/python_training/Day_03 (main)
$ git commit
hint: Waiting for your editor to close the file... unix2dos: converting file C:/python/Python_Training/.git/COMMIT_EDITMSG to DOS format...
dos2unix: converting file C:/python/Python_Training/.git/COMMIT_EDITMSG to Unix format...
Aborting commit due to empty commit message.

TJT1KOR@BAND-C-000QU MINGW64 /c/python/python_training/Day_03 (main)
$ git commit -m "updated day 03"
[main 78d1371] updated day 03
 1 file changed, 0 insertions(+), 0 deletions(-)
 create mode 100644 Day_03/01.ipynb

TJT1KOR@BAND-C-000QU MINGW64 /c/python/python_training/Day_03 (main)
$ git add
Nothing specified, nothing added.
hint: Maybe you wanted to say 'git add .'?
hint: Turn this message off by running
hint: "git config advice.addEmptyPathspec false"

TJT1KOR@BAND-C-000QU MINGW64 /c/python/python_training/Day_03 (main)
$ git commit -m "updated day 03"
On branch main
Your branch is ahead of 'origin/main' by 1 commit.
  (use "git push" to publish your local commits)

Changes not staged for commit:
  (use "git add <file>..." to update what will be committed)
  (use "git restore <file>..." to discard changes in working directory)
        modified:   01.ipynb

Untracked files:
  (use "git add <file>..." to include in what will be committed)
        ../sample.py

no changes added to commit (use "git add" and/or "git commit -a")

TJT1KOR@BAND-C-000QU MINGW64 /c/python/python_training/Day_03 (main)
$ git commit -m "updated day 03"
On branch main
Your branch is ahead of 'origin/main' by 1 commit.
  (use "git push" to publish your local commits)

Changes not staged for commit:
  (use "git add <file>..." to update what will be committed)
  (use "git restore <file>..." to discard changes in working directory)
        modified:   01.ipynb

Untracked files:
  (use "git add <file>..." to include in what will be committed)
        ../sample.py

no changes added to commit (use "git add" and/or "git commit -a")

TJT1KOR@BAND-C-000QU MINGW64 /c/python/python_training/Day_03 (main)
$ git config --global user.name "Ajith TomyAjith Tomy (MS/EEI23-PS)"

TJT1KOR@BAND-C-000QU MINGW64 /c/python/python_training/Day_03 (main)
$ git config --global user.email tomy.ajith@in.bosch.com

TJT1KOR@BAND-C-000QU MINGW64 /c/python/python_training/Day_03 (main)
$ git add && git commit -m "updated"
Nothing specified, nothing added.
hint: Maybe you wanted to say 'git add .'?
hint: Turn this message off by running
hint: "git config advice.addEmptyPathspec false"
On branch main
Your branch is ahead of 'origin/main' by 1 commit.
  (use "git push" to publish your local commits)

Changes not staged for commit:
  (use "git add <file>..." to update what will be committed)
  (use "git restore <file>..." to discard changes in working directory)
        modified:   01.ipynb

Untracked files:
  (use "git add <file>..." to include in what will be committed)
        ../sample.py

no changes added to commit (use "git add" and/or "git commit -a")

TJT1KOR@BAND-C-000QU MINGW64 /c/python/python_training/Day_03 (main)
$ git push
Enumerating objects: 5, done.
Counting objects: 100% (5/5), done.
Delta compression using up to 12 threads
Compressing objects: 100% (2/2), done.
Writing objects: 100% (4/4), 374 bytes | 374.00 KiB/s, done.
Total 4 (delta 0), reused 0 (delta 0), pack-reused 0
To https://github.com/AJITH-TOMY/Python_Training.git
   76bac2a..78d1371  main -> main

TJT1KOR@BAND-C-000QU MINGW64 /c/python/python_training/Day_03 (main)
$